[template.themeton.com/tenguu-html/index04b9.html]
[backblue.gif]
[fade.gif]
[index.html]
[template.themeton.com/tenguu-html/images/favicon.png]
[template.themeton.com/tenguu-html/css/packages.min.css]
[template.themeton.com/tenguu-html/css/default.css]
[template.themeton.com/tenguu-html/index.html]
[template.themeton.com/tenguu-html/images/logo.png]
[template.themeton.com/tenguu-html/images/user.png]
[template.themeton.com/tenguu-html/blog.html]
[template.themeton.com/tenguu-html/single.html]
[template.themeton.com/tenguu-html/images/header/header.png]
[template.themeton.com/tenguu-html/images/header/icon1.png]
[template.themeton.com/tenguu-html/images/header/icon2.png]
[template.themeton.com/tenguu-html/images/header/icon3.png]
[template.themeton.com/tenguu-html/images/product/feature-item.jpg]
[template.themeton.com/tenguu-html/images/carousel/movie-1.jpg]
[template.themeton.com/tenguu-html/images/header/icon4.png]
[template.themeton.com/tenguu-html/images/carousel/movie-2.jpg]
[template.themeton.com/tenguu-html/images/carousel/movie-3.jpg]
[template.themeton.com/tenguu-html/images/carousel/movie-4.jpg]
[template.themeton.com/tenguu-html/images/carousel/movie-5.jpg]
[template.themeton.com/tenguu-html/images/carousel/movie-6.jpg]
[template.themeton.com/tenguu-html/images/coming-bg.jpg]
[template.themeton.com/tenguu-html/images/boxoffice/thumb-1.jpg]
[template.themeton.com/tenguu-html/images/boxoffice/thumb-2.jpg]
[template.themeton.com/tenguu-html/images/boxoffice/thumb-3.jpg]
[template.themeton.com/tenguu-html/images/boxoffice/thumb-4.jpg]
[template.themeton.com/tenguu-html/images/boxoffice/thumb-5.jpg]
[template.themeton.com/tenguu-html/images/author.png]
[template.themeton.com/tenguu-html/images/marker.png]
[template.themeton.com/tenguu-html/js/google-maps.js]
[template.themeton.com/tenguu-html/js/packages.min.js]
[template.themeton.com/tenguu-html/js/scripts.min.js]
[template.themeton.com/tenguu-html/index04b9.html]
[template.themeton.com/tenguu-html/vendors/font-awesome/fonts/fontawesome-webfont93e3.eot]
[template.themeton.com/tenguu-html/vendors/font-awesome/fonts/fontawesome-webfontd41d.eot]
[template.themeton.com/tenguu-html/vendors/font-awesome/fonts/fontawesome-webfont93e3.woff2]
[template.themeton.com/tenguu-html/vendors/font-awesome/fonts/fontawesome-webfont93e3.woff]
[template.themeton.com/tenguu-html/vendors/font-awesome/fonts/fontawesome-webfont93e3.ttf]
[template.themeton.com/tenguu-html/vendors/font-awesome/fonts/fontawesome-webfont93e3.svg]
[template.themeton.com/tenguu-html/vendors/bootstrap/fonts/glyphicons-halflings-regular.eot]
[template.themeton.com/tenguu-html/vendors/bootstrap/fonts/glyphicons-halflings-regulard41d.eot]
[template.themeton.com/tenguu-html/vendors/bootstrap/fonts/glyphicons-halflings-regular.woff2]
[template.themeton.com/tenguu-html/vendors/bootstrap/fonts/glyphicons-halflings-regular.woff]
[template.themeton.com/tenguu-html/vendors/bootstrap/fonts/glyphicons-halflings-regular.ttf]
[template.themeton.com/tenguu-html/vendors/bootstrap/fonts/glyphicons-halflings-regular.svg]
[template.themeton.com/tenguu-html/css/packages.min.css]
[template.themeton.com/tenguu-html/fonts/Montserrat-Light.otf]
[template.themeton.com/tenguu-html/images/search.png]
[template.themeton.com/tenguu-html/images/qte-t.png]
[template.themeton.com/tenguu-html/images/qte-b.png]
[template.themeton.com/tenguu-html/images/btn-more.png]
[template.themeton.com/tenguu-html/images/btn-more-white.png]
[template.themeton.com/tenguu-html/images/order-arrow.png]
[template.themeton.com/tenguu-html/images/ScreenForSeating_450.png]
[template.themeton.com/tenguu-html/css/default.css]
[template.themeton.com/tenguu-html/index.html]
[template.themeton.com/tenguu-html/images/logo-white.png]
[template.themeton.com/tenguu-html/images/blog/post-1.jpg]
[template.themeton.com/tenguu-html/images/blog/post-2.jpg]
[template.themeton.com/tenguu-html/images/blog/post-3.jpg]
[template.themeton.com/tenguu-html/images/blog/post-4.jpg]
[template.themeton.com/tenguu-html/images/post-thumb.jpg]
[template.themeton.com/tenguu-html/images/post-thumb-2.jpg]
[template.themeton.com/tenguu-html/blog.html]
[template.themeton.com/tenguu-html/images/blog/bg-single.jpg]
[template.themeton.com/tenguu-html/images/blog/single_thumb.jpg]
[template.themeton.com/tenguu-html/images/blog/post-single.jpg]
[template.themeton.com/tenguu-html/images/blog/user-1.jpg]
[template.themeton.com/tenguu-html/images/blog/user-2.jpg]
[template.themeton.com/tenguu-html/single.html]
[template.themeton.com/tenguu-html/images/header/icon4.png]
[template.themeton.com/tenguu-html/images/boxoffice/thumb-1.jpg]
[template.themeton.com/tenguu-html/vendors/font-awesome/fonts/fontawesome-webfont93e3.svg]
[template.themeton.com/tenguu-html/vendors/bootstrap/fonts/glyphicons-halflings-regular.svg]
[template.themeton.com/tenguu-html/js/jquery.min.js]
[template.themeton.com/tenguu-html/images/blog/single_thumb.jpg]
[template.themeton.com/tenguu-html/images/blog/single_thumb.jpg]
